// Jest Snapshot v1, https://goo.gl/fbAQLP

exports[`header renders correctly 1`] = `
<div
  className="loader-container"
>
  <div
    className="loader"
  >
    Loading ...
  </div>
</div>
`;

exports[`loader renders correctly 1`] = `
<div
  className="loader-container"
>
  <div
    className="loader"
  >
    Loading ...
  </div>
</div>
`;
